# Plausible API move
/js/whoisthere.js "/whoisthere.js"
/api/event "/whoisthere/event"

# Old URLs
"/glossary/Bundesagentur für Arbeit" "/glossary/Agentur für Arbeit"
"/glossary/Bundesagentur für Arbeit​" "/glossary/Agentur für Arbeit"
"/glossary/zertifierte Teststelle" /guides
/appointments "/tools/appointment-finder"
/calculators "/tools"
/calculators/arbeitslosenversicherung "/tools/tax-calculator"
/calculators/health-insurance "/tools/health-insurance-calculator"
/calculators/pension-refund "/tools/pension-refund-calculator"
/calculators/tax-calculator "/tools/tax-calculator"
/collections/personal-finances /collections/personal-finance
/docs /tools
/docs/german-freelance-visa-form /docs/residence-permit-application-form
/docs/letter-of-intent-example-german-freelance-visa /guides/freelance-visa-letter-of-intent
/documents/Absichtserklärung-Example-English.pdf /documents/Absichtserklaerung-Example-English.pdf
/documents/Absichtserklärung-Example-German.pdf /documents/Absichtserklaerung-Example-German.pdf
/documents/Absichtserklärung-Muster.pdf /documents/Absichtserklaerung-Muster.pdf
/documents/anmeldung-translated-finished.pdf /documents/anmeldung-translated-2021-v2.pdf
/documents/documents/lea-agen1-antrag_engl_frz_ital-112021.pdf /documents/residence-permit-application-form-2021.pdf
/documents/german-visa-Ertragsvorschau.pdf /documents/german-visa-Ertragsvorschau-2023.pdf
/documents/Stellenbeschreibung.pdf /documents/erklaerung-zum-beschaeftigungsverhaeltnis-2024.pdf
/glossary/Berufsunfaehigkeitsversicherung /glossary/Berufsunfähigkeitsversicherung
/glossary/Gewerbetreibende /glossary/Gewerbetreibender
/glossary/Mietaval /glossary/Mietbürgschaft
/guides/abmahnung-creative-commons "https://nicolasbouliane.com/blog/abmahnung-creative-commons"
/guides/abmeldung-deregister-in-berlin /guides/abmeldung
/guides/anmeldung-berlin-coronavirus /guides
/guides/auslanderbehorde-wait-times /guides/immigration-office/wait-times
/guides/bafin-approved-insurance /guides/german-health-insurance/for-a-visa-application
/guides/banks /guides/best-bank-germany
/guides/become-a-freelancer-in-germany /guides/start-a-business-in-germany
/guides/berlin-auslanderbehorde-appointment /guides/immigration-office
/guides/berlin-auslanderbehorde-same-day-appointment /guides/immigration-office
/guides/berlin-bvg-font /guides/germany-sign-fonts
/guides/bvg-10-uhr-karte /guides/public-transit
/guides/canadian-german-driving-license /guides/convert-to-german-driving-licence
/guides/categories/apartment "/collections/apartment-life"
/guides/categories/business "/collections/starting-a-business"
/guides/categories/family-friends-pets "/collections/family-and-friends"
/guides/categories/family-friends-pets/children-and-parenting "/collections/family-and-friends"
/guides/categories/family-friends-pets/pets "/collections/dogs"
/guides/categories/health "/collections/healthcare"
/guides/categories/health/coronavirus "/collections/healthcare"
/guides/categories/life-in-berlin "/collections/moving-to-berlin"
/guides/categories/life-in-germany "/guides"
/guides/categories/living-in-berlin "/guides"
/guides/categories/living-in-berlin/animals "/guides/dog-ownership"
/guides/categories/living-in-berlin/apartment-life "/guides/find-a-flat-in-berlin"
/guides/categories/living-in-berlin/banking "/collections/personal-finance"
/guides/categories/living-in-berlin/children-and-parenting "/collections/family-and-friends"
/guides/categories/living-in-berlin/entertainment "/guides"
/guides/categories/living-in-berlin/getting-around "/collections/getting-around"
/guides/categories/living-in-berlin/getting-around/driving "/collections/driving"
/guides/categories/living-in-berlin/getting-around/public-transport "/guides/public-transit"
/guides/categories/living-in-berlin/healthcare "/guides/german-health-insurance"
/guides/categories/living-in-berlin/healthcare/coronavirus "/guides"
/guides/categories/living-in-berlin/reviews "/guides"
/guides/categories/living-in-berlin/working "/guides/find-a-job-in-berlin"
/guides/categories/living-in-berlin/working/freelancing-in-berlin "/guides/start-a-business-in-germany"
/guides/categories/living-in-berlin/working/starting-a-business-in-berlin "/guides/start-a-business-in-germany"
/guides/categories/mobility "/collections/getting-around"
/guides/categories/mobility/driving "/collections/driving"
/guides/categories/mobility/public-transport "/collections/getting-around"
/guides/categories/money "/collections/personal-finance"
/guides/categories/moving-to-berlin "/guides/moving-to-berlin"
/guides/categories/moving-to-berlin/after-moving "/guides/moving-to-berlin"
/guides/categories/moving-to-berlin/before-moving "/guides/moving-to-berlin"
/guides/categories/moving-to-berlin/essential-knowledge "/guides/moving-to-berlin"
/guides/categories/visas-immigration "/collections/immigration"
/guides/categories/visiting-berlin "/guides/visit-berlin"
/guides/categories/visiting-berlin/food "/guides/visit-berlin"
/guides/categories/visiting-berlin/shopping "/guides/visit-berlin"
/guides/categories/visiting-berlin/sights-attractions "/guides/visit-berlin"
/guides/citizenship-wait-times /guides/immigration-office/wait-times
/guides/coronavirus /guides
/guides/coronavirus-test /guides
/guides/english-driving-schools-in-berlin /guides/english-speaking-driving-schools
/guides/english-speaking-jobs-berlin /guides/find-a-job-in-berlin
/guides/english-speaking-psychiatrists-psychotherapists-berlin /guides/english-speaking-psychotherapists-berlin
/guides/first-bank-account-in-germany /guides/best-bank-germany
/guides/free-schufa-berlin /guides/schufa
/guides/german-banks-no-address /guides/best-bank-germany
/guides/german-resignation-letter /docs/resignation-letter
/guides/german-visa-health-insurance /guides/german-health-insurance/for-a-visa-application
/guides/german-work-visa /guides/work-visa
/guides/german-work-visa-to-freelance-visa /guides/freelance-visa
/guides/how-to-find-a-kita-in-berlin /guides/kita
/guides/how-to-get-a-german-freelance-visa /guides/freelance-visa
/guides/how-to-get-a-kitagutschein /guides/kitagutschein
/guides/how-to-learn-german-with-zero-discipline /guides/learn-german
/guides/hundesteuer /guides/dog-ownership
/guides/kraftfahrzeugsteuerbescheid /glossary/Kraftfahrzeugsteuerbescheid
/guides/mietendeckel-repealed https://nicolasbouliane.com/mietendeckel
/guides/motorcycle-licence-in-germany /guides/driving-licence
/guides/null /guides
/guides/pet-ownership /guides/dog-ownership
/guides/planning-a-trip-to-berlin /guides/visit-berlin
/guides/questions-about-berlin /guides/help
/guides/website-freiberuf-or-gewerbe /guides/freiberufler-or-gewerbe
/guides/wenigermiete-review /guides/conny-review
/illustrations/apartment-floor-plan-germany.png /illustrations/apartment-floor-plan-berlin.png
/illustrations/apartment-floor-plan-germany_2022-12-05-172443_fjyy.png /illustrations/apartment-floor-plan-berlin.png
/illustrations/apartment-floor-plan-germany_2022-12-05-172825_kvzc.png /illustrations/apartment-floor-plan-berlin.png
/images/SteuerID_auf_Lohnsteuerbescheinigung.png /images/Lohnsteuerbescheinigung-SteuerID.png
/impressum /contact
/out/amtio-pension-refund                     "/guides/pension-payments-refund#get-help-from-someone"
/out/aok-calc                                 "/out/feather-aok"
/out/assigned-finanzamt-finder                "/out/finanzamt-finder"
/out/auslanderbehorde-appointment             "/guides/immigration-office#how-to-get-an-appointment"
/out/auslanderbehorde-organigram              "/guides/immigration-office#departments"
/out/axa-haftpflictversicherung               "/out/feather-haftpflicht"
/out/b-protected                              "/out/feather"
/out/barmer-calc                              "/out/barmer"
/out/basler-mietkaution                       "https://www.financeads.net/tc.php?t=28713C70922012B"
/out/bkk24-calc                               "https://www.bkk24.de/"
/out/booka-local                              "https://www.booka-local.com/product-category/germany/berlin/"
/out/brille24                                 "https://www.awin1.com/awclick.php?gid=325207&mid=11199&awinaffid=559395&linkid=2062354&clickref="
/out/brille24-in-store                        "https://www.awin1.com/awclick.php?gid=325207&mid=11199&awinaffid=559395&linkid=2062357&clickref="
/out/buymeacoffee                             "/donate"
/out/check24                                  "/out/check24-electricity"
/out/church-tax-calculator                    "/calculators/tax-calculator"
/out/coya-dogs                                "/out/getsafe-dogs"
/out/coya-haftpflichtversicherung             "/out/feather-haftpflicht"
/out/coya-hausratversicherung                 "/out/feather-hausrat"
/out/coya-home                                "/out/feather-hausrat"
/out/coya-pethealth                           "/out/getsafe-pethealth"
/out/dak                                      "https://signupdak.de/?source=allaboutberlin"
/out/dak-calc                                 "https://signupdak.de/?source=allaboutberlin"
/out/debitoor                                 "https://debitoor.com/?utm_source=allaboutberlin"
/out/deutsche-bank-sperrkonto                 "https://www.deutsche-bank.de/pk/konto-und-karte/konten-im-ueberblick/internationale-studenten.html"
/out/expath                                   "https://allaboutberlin.com/guides/relocation-agency-in-berlin"
/out/feather-private-estimate                 "/out/feather-private"
/out/fromatob                                 "https://www.fromatob.com/"
/out/gehalt-salaries                          "https://www.gehalt.de/"
/out/german-pension-refund                    "/out/pension-refund-germany"
/out/getsafe-kfz                              "/out/tarifcheck-kfz"
/out/hkk-calc                                 "https://www.hkk.de/english-information"
/out/homelike                                 "https://spacest.com"
/out/img-expats                               "https://www.imglobal.com/"
/out/income-tax-calculator                    "/tools/tax-calculator"
/out/joonko                                   "/out/verivox-kfz"
/out/lemonade                                 "/out/feather"
/out/lingoking-letters                        "/out/lingoking"
/out/linguidoor                               "https://linguidoor.com/?ref=54"
/out/luko-dogs                                "/out/feather-dogs"
/out/luko-haftpflicht                         "/out/feather-haftpflicht"
/out/luko-hausrat                             "/out/feather-hausrat"
/out/luko-pethealth                           "/out/feather-pethealth"
/out/muffin                                   "/out/feather"
/out/muffin-calc                              "/out/feather"
/out/muffin-disability                        "/out/feather"
/out/muffin-haftpflicht                       "/out/feather"
/out/muffin-hausrat                           "/out/feather"
/out/muffin-health                            "/out/feather"
/out/muffin-rechtsschutz                      "/out/feather"
/out/ottonova-calc                            "/out/ottonova"
/out/patreon                                  "/donate"
/out/paypal                                   "https://paypal.me/nicolasbouliane"
/out/penta                                    "/guides/best-bank-germany"
/out/popsure                                  "/out/feather"
/out/popsure-aok                              "/out/feather-aok"
/out/popsure-expats                           "/out/feather-expats"
/out/popsure-haftpflicht                      "/out/feather-haftpflicht"
/out/popsure-students                         "/out/feather-tk"
/out/salary-tax-calculator                    "/tools/tax-calculator"
/out/signup-tk                                "/out/feather-tk"
/out/stripe                                   "/donate"
/out/tarifcheck-calc                          "/out/tarifcheck-health"
/out/tarifcheck-health                        "https://a.partner-versicherung.de/click.php?partner_id=126814&ad_id=15&deep=private-krankenversicherung"
/out/taxid-form                               "https://www.formulare-bfinv.de/ffw/action/invoke.do?id=010250"
/out/tk-calc                                  "/out/feather-tk"
/out/tk-calc-students                         "/out/feather-tk"
/out/transferwise                             "/out/wise"
/out/transferwise-borderless                  "/out/wise-account"
/out/uniplaces                                "https://www.uniplaces.com/"
/out/wenigermiete                             "/out/conny"
/out/wenigermiete-mietpreisbremse-calculator  "/out/conny-mietpreisbremse-calculator"
/pension-refund "/tools/pension-refund-calculator"
/search /guides
/support /contact
/tools/null /guides
/tools/arbeitslosenversicherung-calculator /tools/tax-calculator
/tools/residence-permit-feedback /guides/immigration-office/wait-times